com\gym\app\services\UsuarioService.class
com\gym\app\models\GananciasMensuales.class
com\gym\app\gui\dialogs\ClienteDialog$1.class
com\gym\app\services\AuthService.class
com\gym\app\gui\dialogs\PagoDialog$2.class
com\gym\app\models\Pago.class
com\gym\app\services\AuthService$LoginRequest.class
com\gym\app\gui\render\AlertaVencimientoRenderer.class
com\gym\app\gui\panels\ClientePanel$DatosClientes.class
com\gym\app\gui\LoginFrame.class
com\gym\app\models\Usuario.class
com\gym\app\services\ClienteService.class
com\gym\app\services\ClienteService$1.class
com\gym\app\gui\panels\PagoPanel.class
com\gym\app\gui\dialogs\ClienteDialog.class
com\gym\app\gui\MainFrame.class
com\gym\app\services\DashboardService.class
com\gym\app\gui\panels\ClientePanel$4.class
com\gym\app\gui\panels\ClientePanel$1.class
com\gym\app\models\Cliente.class
com\gym\app\gui\panels\ClientePanel$2.class
com\gym\app\services\AuthService$LoginResponse.class
com\gym\app\gui\panels\PlanPanel.class
com\gym\app\services\PlanService$1.class
com\gym\app\gui\panels\DashboardPanel.class
com\gym\app\gui\panels\PlanPanel$3.class
com\gym\app\gui\dialogs\UsuarioDialog$1.class
com\gym\app\gui\LoginFrame$1.class
com\gym\app\models\Plan.class
com\gym\app\gui\dialogs\PlanDialog$1.class
com\gym\app\models\Cliente$Estado.class
com\gym\app\models\PagoRequest.class
com\gym\app\gui\render\EstadoRenderer.class
com\gym\app\services\PlanService.class
com\gym\app\gui\panels\ClientePanel$3.class
com\gym\app\gui\panels\PagoPanel$1.class
com\gym\app\models\Usuario$Rol.class
com\gym\app\gui\dialogs\PagoDialog.class
com\gym\app\services\PagoService$1.class
com\gym\app\gui\panels\PlanPanel$2.class
com\gym\app\gui\dialogs\PlanDialog.class
com\gym\app\gui\panels\UsuarioPanel.class
com\gym\app\gui\dialogs\PagoDialog$1.class
com\gym\app\gui\panels\PagoPanel$2.class
com\gym\app\config\ApiConfig.class
com\gym\app\gui\panels\SocioPanel.class
com\gym\app\Main.class
com\gym\app\services\PagoService.class
com\gym\app\gui\dialogs\UsuarioDialog.class
com\gym\app\services\ApiClient.class
com\gym\app\gui\panels\PlanPanel$1.class
com\gym\app\gui\panels\ClientePanel.class
